<html>
<body>
<pre>
<h1>µVision Build Log</h1>
<h2>Project:</h2>
C:\Users\Karan\Desktop\workshop\extc\sem 5\mca\arm_controller\largest.uvproj
Project File Date:  10/23/2014

<h2>Output:</h2>
Build target 'Target 1'
assembling add.s...
add.s(6): error: A1516E: Bad symbol 'dest', not defined or external
Target not created
Build target 'Target 1'
assembling add.s...
linking...
Program Size: Code=132 RO-data=0 RW-data=0 ZI-data=0  
"largest.axf" - 0 Error(s), 0 Warning(s).
Build target 'Target 1'
assembling add.s...
linking...
Program Size: Code=80 RO-data=0 RW-data=0 ZI-data=0  
"largest.axf" - 0 Error(s), 0 Warning(s).
Build target 'Target 1'
assembling largest.s...
largest.s(8): error: A1163E: Unknown opcode bce , expecting opcode or Macro
Target not created
Build target 'Target 1'
assembling largest.s...
linking...
Program Size: Code=84 RO-data=0 RW-data=0 ZI-data=0  
"largest.axf" - 0 Error(s), 0 Warning(s).
Build target 'Target 1'
assembling largest.s...
linking...
Program Size: Code=84 RO-data=0 RW-data=0 ZI-data=0  
"largest.axf" - 0 Error(s), 0 Warning(s).
Build target 'Target 1'
assembling largest.s...
linking...
Program Size: Code=84 RO-data=0 RW-data=0 ZI-data=0  
"largest.axf" - 0 Error(s), 0 Warning(s).
